// Jest Snapshot v1, https://goo.gl/fbAQLP

exports[`App Component Test 1`] = `
<div>
  React App
</div>
`;
